#-----------------------------------------------------------
# Vivado v2018.2 (64-bit)
# SW Build 2258646 on Thu Jun 14 20:03:12 MDT 2018
# IP Build 2256618 on Thu Jun 14 22:10:49 MDT 2018
# Start of session at: Fri Aug 22 10:04:29 2025
# Process ID: 20548
# Current directory: C:/Users/kaico/OneDrive/Documents/EE2026/project_1
# Command line: vivado.exe -gui_launcher_event rodinguilauncherevent18752 C:\Users\kaico\OneDrive\Documents\EE2026\project_1\project_1.xpr
# Log file: C:/Users/kaico/OneDrive/Documents/EE2026/project_1/vivado.log
# Journal file: C:/Users/kaico/OneDrive/Documents/EE2026/project_1\vivado.jou
#-----------------------------------------------------------
start_gui
open_project C:/Users/kaico/OneDrive/Documents/EE2026/project_1/project_1.xpr
update_compile_order -fileset sources_1
open_hw
connect_hw_server
open_hw_target
set_property PROGRAM.FILE {C:/Users/kaico/OneDrive/Documents/EE2026/project_1/project_1.runs/impl_1/lab1.bit} [get_hw_devices xc7a35t_0]
current_hw_device [get_hw_devices xc7a35t_0]
refresh_hw_device -update_hw_probes false [lindex [get_hw_devices xc7a35t_0] 0]
set_property PROBES.FILE {} [get_hw_devices xc7a35t_0]
set_property FULL_PROBES.FILE {} [get_hw_devices xc7a35t_0]
set_property PROGRAM.FILE {C:/Users/kaico/OneDrive/Documents/EE2026/project_1/project_1.runs/impl_1/lab1.bit} [get_hw_devices xc7a35t_0]
program_hw_devices [get_hw_devices xc7a35t_0]
refresh_hw_device [lindex [get_hw_devices xc7a35t_0] 0]
set_property PROBES.FILE {} [get_hw_devices xc7a35t_0]
set_property FULL_PROBES.FILE {} [get_hw_devices xc7a35t_0]
set_property PROGRAM.FILE {C:/Users/kaico/OneDrive/Documents/EE2026/project_1/project_1.runs/impl_1/lab1.bit} [get_hw_devices xc7a35t_0]
program_hw_devices [get_hw_devices xc7a35t_0]
refresh_hw_device [lindex [get_hw_devices xc7a35t_0] 0]
reset_run synth_1
launch_runs synth_1 -jobs 16
wait_on_run synth_1
reset_run synth_1
launch_runs synth_1 -jobs 16
wait_on_run synth_1
launch_runs impl_1 -jobs 16
wait_on_run impl_1
open_run impl_1
reset_run synth_1
launch_runs synth_1 -jobs 16
wait_on_run synth_1
reset_run synth_1
launch_runs synth_1 -jobs 16
wait_on_run synth_1
launch_runs impl_1 -jobs 16
wait_on_run impl_1
open_run impl_1
launch_runs impl_1 -to_step write_bitstream -jobs 16
wait_on_run impl_1
set_property PROBES.FILE {} [get_hw_devices xc7a35t_0]
set_property FULL_PROBES.FILE {} [get_hw_devices xc7a35t_0]
set_property PROGRAM.FILE {C:/Users/kaico/OneDrive/Documents/EE2026/project_1/project_1.runs/impl_1/lab1.bit} [get_hw_devices xc7a35t_0]
program_hw_devices [get_hw_devices xc7a35t_0]
refresh_hw_device [lindex [get_hw_devices xc7a35t_0] 0]
launch_simulation
source simulation_module.tcl
close_sim
launch_simulation
source simulation_module.tcl
close_sim
launch_simulation
source simulation_module.tcl
reset_run synth_1
launch_runs synth_1 -jobs 16
wait_on_run synth_1
launch_runs impl_1 -jobs 16
wait_on_run impl_1
refresh_design
launch_runs impl_1 -to_step write_bitstream -jobs 16
wait_on_run impl_1
set_property PROBES.FILE {} [get_hw_devices xc7a35t_0]
set_property FULL_PROBES.FILE {} [get_hw_devices xc7a35t_0]
set_property PROGRAM.FILE {C:/Users/kaico/OneDrive/Documents/EE2026/project_1/project_1.runs/impl_1/lab1.bit} [get_hw_devices xc7a35t_0]
program_hw_devices [get_hw_devices xc7a35t_0]
refresh_hw_device [lindex [get_hw_devices xc7a35t_0] 0]
reset_run synth_1
launch_runs synth_1 -jobs 16
wait_on_run synth_1
reset_run synth_1
launch_runs impl_1 -jobs 16
wait_on_run impl_1
reset_run synth_1
launch_runs impl_1 -to_step write_bitstream -jobs 16
wait_on_run impl_1
set_property PROBES.FILE {} [get_hw_devices xc7a35t_0]
set_property FULL_PROBES.FILE {} [get_hw_devices xc7a35t_0]
set_property PROGRAM.FILE {C:/Users/kaico/OneDrive/Documents/EE2026/project_1/project_1.runs/impl_1/lab1.bit} [get_hw_devices xc7a35t_0]
program_hw_devices [get_hw_devices xc7a35t_0]
refresh_hw_device [lindex [get_hw_devices xc7a35t_0] 0]
close_sim
launch_simulation
source simulation_module.tcl
close_sim
launch_simulation
source simulation_module.tcl
close_sim
launch_simulation
source simulation_module.tcl
reset_run synth_1
launch_runs synth_1 -jobs 16
wait_on_run synth_1
launch_runs impl_1 -jobs 16
wait_on_run impl_1
launch_runs impl_1 -to_step write_bitstream -jobs 16
wait_on_run impl_1
set_property PROBES.FILE {} [get_hw_devices xc7a35t_0]
set_property FULL_PROBES.FILE {} [get_hw_devices xc7a35t_0]
set_property PROGRAM.FILE {C:/Users/kaico/OneDrive/Documents/EE2026/project_1/project_1.runs/impl_1/lab1.bit} [get_hw_devices xc7a35t_0]
program_hw_devices [get_hw_devices xc7a35t_0]
refresh_hw_device [lindex [get_hw_devices xc7a35t_0] 0]
archive_project {C:/Users/kaico/OneDrive/Documents/EE2026/Lab1_Fri_AM_TAN KAI CONG_476_Archive.xpr.zip} -temp_dir C:/Users/kaico/OneDrive/Documents/EE2026/project_1/.Xil/Vivado-20548-KC_laptop -force -include_local_ip_cache
set_property PROBES.FILE {} [get_hw_devices xc7a35t_0]
set_property FULL_PROBES.FILE {} [get_hw_devices xc7a35t_0]
set_property PROGRAM.FILE {C:/Users/kaico/OneDrive/Documents/EE2026/project_1/project_1.runs/impl_1/lab1.bit} [get_hw_devices xc7a35t_0]
program_hw_devices [get_hw_devices xc7a35t_0]
refresh_hw_device [lindex [get_hw_devices xc7a35t_0] 0]
archive_project C:/Users/kaico/OneDrive/Documents/EE2026/project_1.xpr.zip -temp_dir C:/Users/kaico/OneDrive/Documents/EE2026/project_1/.Xil/Vivado-20548-KC_laptop -force -include_local_ip_cache
archive_project {C:/Users/kaico/OneDrive/Documents/EE2026/Lab1_Fri_AM_TAN KAI CONG_476_Archive.xpr.zip} -temp_dir C:/Users/kaico/OneDrive/Documents/EE2026/project_1/.Xil/Vivado-20548-KC_laptop -force -include_local_ip_cache
close_sim
